[backblue.gif]
[fade.gif]
[index.html]
[coco.binghamton.edu/netscidraw/NSD.png]
[coco.binghamton.edu/netscidraw/moreshapes.png]
[coco.binghamton.edu/netscidraw/newfeatures.png]
[coco.binghamton.edu/netscidraw/6-8 example.jpg]
[coco.binghamton.edu/netscidraw/index.html]
[coco.binghamton.edu/netscidraw/css/index.css]
[coco.binghamton.edu/netscidraw/V3.1/favicon.png]
[ncase.me/loopy/social/thumbnail.png]
[ncase.me/loopy/social/thumbnail_small.png]
[coco.binghamton.edu/netscidraw/V3.1/js/minpubsub.js]
[coco.binghamton.edu/netscidraw/V3.1/js/Mouse.js]
[coco.binghamton.edu/netscidraw/V3.1/js/Key.js]
[coco.binghamton.edu/netscidraw/V3.1/js/MathUtils.js]
[coco.binghamton.edu/netscidraw/V3.1/js/Audio.js]
[coco.binghamton.edu/netscidraw/V3.1/js/Shapes.js]
[coco.binghamton.edu/netscidraw/V3.1/js/Loopyae52.js]
[coco.binghamton.edu/netscidraw/V3.1/js/Model30f4.js]
[coco.binghamton.edu/netscidraw/V3.1/js/Node30f4.js]
[coco.binghamton.edu/netscidraw/V3.1/js/Edge5e1f.js]
[coco.binghamton.edu/netscidraw/V3.1/js/Label.js]
[coco.binghamton.edu/netscidraw/V3.1/js/PageUI.js]
[coco.binghamton.edu/netscidraw/V3.1/js/Sidebar5e1f.js]
[coco.binghamton.edu/netscidraw/V3.1/js/Toolbar.js]
[coco.binghamton.edu/netscidraw/V3.1/js/PlayControls.js]
[coco.binghamton.edu/netscidraw/V3.1/js/Modal7b30.js]
[coco.binghamton.edu/netscidraw/V3.1/js/Ink.js]
[coco.binghamton.edu/netscidraw/V3.1/js/Dragger.js]
[coco.binghamton.edu/netscidraw/V3.1/js/Eraser.js]
[coco.binghamton.edu/netscidraw/V3.1/js/Labeller.js]
[coco.binghamton.edu/netscidraw/V3.1/js/FileIO.js]
[coco.binghamton.edu/netscidraw/V3.1/js/helpers.js]
[coco.binghamton.edu/netscidraw/V3.1/index.html]
[coco.binghamton.edu/netscidraw/V3.1/css/cursors/ink.png]
[coco.binghamton.edu/netscidraw/V3.1/css/cursors/drag.png]
[coco.binghamton.edu/netscidraw/V3.1/css/cursors/erase.png]
[coco.binghamton.edu/netscidraw/V3.1/css/cursors/label.png]
[coco.binghamton.edu/netscidraw/V3.1/css/loopy.css]
[coco.binghamton.edu/netscidraw/V3.1/css/balloon.css]
